POSITION	REF	ALT	ALT COUNT	TOTAL
14370	G	A	3	6
17330	T	A	1	6
17330	T	.	1	6
1110696	A	G	1	6
1110696	A	T	4	6
1110696	A	.	1	6
