POSITION	REF	ALT	ALT COUNT	TOTAL
17330	T	A	1	6
17330	T	.	1	6
